[2026-07-05T22:11:56.445+07:00] INFO  [N/A] [StartupInfoLogger.logStarting] Starting EkycApplication using Java 21.0.11 with PID 14539 (/Users/baoduy/ekyclocal/ekyc-local/target/classes started by baoduy in /Users/baoduy/ekyclocal/ekyc-local)
[2026-07-05T22:11:56.446+07:00] INFO  [N/A] [SpringApplication.logStartupProfileInfo] No active profile set, falling back to 1 default profile: "default"
[2026-07-05T22:11:56.744+07:00] INFO  [N/A] [RepositoryConfigurationDelegate.registerRepositoriesIn] Bootstrapping Spring Data JPA repositories in DEFAULT mode.
[2026-07-05T22:11:56.756+07:00] INFO  [N/A] [RepositoryConfigurationDelegate.registerRepositoriesIn] Finished Spring Data repository scanning in 8 ms. Found 0 JPA repository interfaces.
[2026-07-05T22:11:56.947+07:00] INFO  [N/A] [TomcatWebServer.initialize] Tomcat initialized with port 8080 (http)
[2026-07-05T22:11:56.953+07:00] INFO  [N/A] [DirectJDKLog.log] Starting service [Tomcat]
[2026-07-05T22:11:56.953+07:00] INFO  [N/A] [DirectJDKLog.log] Starting Servlet engine: [Apache Tomcat/10.1.36]
[2026-07-05T22:11:56.977+07:00] INFO  [N/A] [DirectJDKLog.log] Initializing Spring embedded WebApplicationContext
[2026-07-05T22:11:56.978+07:00] INFO  [N/A] [ServletWebServerApplicationContext.prepareWebApplicationContext] Root WebApplicationContext: initialization completed in 515 ms
[2026-07-05T22:11:57.055+07:00] INFO  [N/A] [HikariDataSource.getConnection] EKYC_POOL - Starting...
[2026-07-05T22:11:57.157+07:00] INFO  [N/A] [HikariPool.checkFailFast] EKYC_POOL - Added connection org.postgresql.jdbc.PgConnection@615efd1c
[2026-07-05T22:11:57.158+07:00] INFO  [N/A] [HikariDataSource.getConnection] EKYC_POOL - Start completed.
[2026-07-05T22:11:57.184+07:00] INFO  [N/A] [LogHelper.logPersistenceUnitInformation] HHH000204: Processing PersistenceUnitInfo [name: default]
[2026-07-05T22:11:57.217+07:00] INFO  [N/A] [Version.logVersion] HHH000412: Hibernate ORM core version 6.6.8.Final
[2026-07-05T22:11:57.236+07:00] INFO  [N/A] [RegionFactoryInitiator.initiateService] HHH000026: Second-level cache disabled
[2026-07-05T22:11:57.349+07:00] INFO  [N/A] [SpringPersistenceUnitInfo.addTransformer] No LoadTimeWeaver setup: ignoring JPA class transformer
[2026-07-05T22:11:57.389+07:00] INFO  [N/A] [JdbcEnvironmentInitiator.initiateService] HHH10001005: Database info:
	Database JDBC URL [Connecting through datasource 'HikariDataSource (EKYC_POOL)']
	Database driver: undefined/unknown
	Database version: 18.3
	Autocommit mode: undefined/unknown
	Isolation level: undefined/unknown
	Minimum pool size: undefined/unknown
	Maximum pool size: undefined/unknown
[2026-07-05T22:11:57.535+07:00] INFO  [N/A] [JtaPlatformInitiator.initiateService] HHH000489: No JTA platform available (set 'hibernate.transaction.jta.platform' to enable JTA platform integration)
[2026-07-05T22:11:57.537+07:00] INFO  [N/A] [AbstractEntityManagerFactoryBean.buildNativeEntityManagerFactory] Initialized JPA EntityManagerFactory for persistence unit 'default'
[2026-07-05T22:11:57.868+07:00] WARN  [N/A] [JpaBaseConfiguration$JpaWebConfiguration.openEntityManagerInViewInterceptor] spring.jpa.open-in-view is enabled by default. Therefore, database queries may be performed during view rendering. Explicitly configure spring.jpa.open-in-view to disable this warning
[2026-07-05T22:11:57.883+07:00] INFO  [N/A] [WelcomePageHandlerMapping.<init>] Adding welcome page: class path resource [static/index.html]
[2026-07-05T22:11:57.896+07:00] INFO  [N/A] [OptionalValidatorFactoryBean.afterPropertiesSet] Failed to set up a Bean Validation provider: jakarta.validation.NoProviderFoundException: Unable to create a Configuration, because no Jakarta Bean Validation provider could be found. Add a provider like Hibernate Validator (RI) to your classpath.
[2026-07-05T22:11:58.047+07:00] INFO  [N/A] [TomcatWebServer.start] Tomcat started on port 8080 (http) with context path '/'
[2026-07-05T22:11:58.052+07:00] INFO  [N/A] [StartupInfoLogger.logStarted] Started EkycApplication in 1.791 seconds (process running for 1.937)
[2026-07-05T22:12:03.657+07:00] INFO  [N/A] [DirectJDKLog.log] Initializing Spring DispatcherServlet 'dispatcherServlet'
[2026-07-05T22:12:03.657+07:00] INFO  [N/A] [FrameworkServlet.initServletBean] Initializing Servlet 'dispatcherServlet'
[2026-07-05T22:12:03.658+07:00] INFO  [N/A] [FrameworkServlet.initServletBean] Completed initialization in 1 ms
[2026-07-05T22:12:03.662+07:00] INFO  [b1e9a044-25bd-4d7d-85b1-734518a02232] [RequestLoggingFilter.doFilterInternal] step=request_received method=GET uri=/ remoteAddress=0:0:0:0:0:0:0:1
[2026-07-05T22:12:03.662+07:00] WARN  [b1e9a044-25bd-4d7d-85b1-734518a02232] [SignatureValidationFilter.doFilterInternal] step=signature_validation_failed reason=missing_header
[2026-07-05T22:12:03.686+07:00] INFO  [b1e9a044-25bd-4d7d-85b1-734518a02232] [RequestLoggingFilter.doFilterInternal] step=request_completed status=200 durationMs=24
[2026-07-05T22:12:03.697+07:00] INFO  [8d07a31f-630f-4c66-88e2-f6c038a5a0df] [RequestLoggingFilter.doFilterInternal] step=request_received method=GET uri=/favicon.ico remoteAddress=0:0:0:0:0:0:0:1
[2026-07-05T22:12:03.698+07:00] WARN  [8d07a31f-630f-4c66-88e2-f6c038a5a0df] [SignatureValidationFilter.doFilterInternal] step=signature_validation_failed reason=missing_header
[2026-07-05T22:12:03.698+07:00] INFO  [8d07a31f-630f-4c66-88e2-f6c038a5a0df] [RequestLoggingFilter.doFilterInternal] step=request_completed status=200 durationMs=1
[2026-07-05T22:12:04.874+07:00] INFO  [3af40e0e-3695-452f-a51a-ebb1e3fb938b] [RequestLoggingFilter.doFilterInternal] step=request_received method=GET uri=/ remoteAddress=0:0:0:0:0:0:0:1
[2026-07-05T22:12:04.875+07:00] WARN  [3af40e0e-3695-452f-a51a-ebb1e3fb938b] [SignatureValidationFilter.doFilterInternal] step=signature_validation_failed reason=missing_header
[2026-07-05T22:12:04.876+07:00] INFO  [3af40e0e-3695-452f-a51a-ebb1e3fb938b] [RequestLoggingFilter.doFilterInternal] step=request_completed status=200 durationMs=2
[2026-07-05T22:12:04.895+07:00] INFO  [56fdc056-6b15-4c05-acea-08c3a1cc11a3] [RequestLoggingFilter.doFilterInternal] step=request_received method=GET uri=/favicon.ico remoteAddress=0:0:0:0:0:0:0:1
[2026-07-05T22:12:04.895+07:00] WARN  [56fdc056-6b15-4c05-acea-08c3a1cc11a3] [SignatureValidationFilter.doFilterInternal] step=signature_validation_failed reason=missing_header
[2026-07-05T22:12:04.896+07:00] INFO  [56fdc056-6b15-4c05-acea-08c3a1cc11a3] [RequestLoggingFilter.doFilterInternal] step=request_completed status=200 durationMs=1
[2026-07-05T22:12:05.409+07:00] INFO  [25c0992d-9c51-41f6-aca6-2ec9da6d760f] [RequestLoggingFilter.doFilterInternal] step=request_received method=GET uri=/ remoteAddress=0:0:0:0:0:0:0:1
[2026-07-05T22:12:05.409+07:00] WARN  [25c0992d-9c51-41f6-aca6-2ec9da6d760f] [SignatureValidationFilter.doFilterInternal] step=signature_validation_failed reason=missing_header
[2026-07-05T22:12:05.410+07:00] INFO  [25c0992d-9c51-41f6-aca6-2ec9da6d760f] [RequestLoggingFilter.doFilterInternal] step=request_completed status=200 durationMs=1
[2026-07-05T22:12:05.425+07:00] INFO  [2ada22af-de80-4fd6-9c8f-74e3e9b7b2d8] [RequestLoggingFilter.doFilterInternal] step=request_received method=GET uri=/favicon.ico remoteAddress=0:0:0:0:0:0:0:1
[2026-07-05T22:12:05.425+07:00] WARN  [2ada22af-de80-4fd6-9c8f-74e3e9b7b2d8] [SignatureValidationFilter.doFilterInternal] step=signature_validation_failed reason=missing_header
[2026-07-05T22:12:05.426+07:00] INFO  [2ada22af-de80-4fd6-9c8f-74e3e9b7b2d8] [RequestLoggingFilter.doFilterInternal] step=request_completed status=200 durationMs=1
[2026-07-05T22:12:05.617+07:00] INFO  [34deb3c1-6a9b-41db-976a-9b2c61ef8aa1] [RequestLoggingFilter.doFilterInternal] step=request_received method=GET uri=/ remoteAddress=0:0:0:0:0:0:0:1
[2026-07-05T22:12:05.618+07:00] WARN  [34deb3c1-6a9b-41db-976a-9b2c61ef8aa1] [SignatureValidationFilter.doFilterInternal] step=signature_validation_failed reason=missing_header
[2026-07-05T22:12:05.618+07:00] INFO  [34deb3c1-6a9b-41db-976a-9b2c61ef8aa1] [RequestLoggingFilter.doFilterInternal] step=request_completed status=200 durationMs=1
[2026-07-05T22:12:05.630+07:00] INFO  [7a197695-b660-4657-9d8f-02e28e3b90bf] [RequestLoggingFilter.doFilterInternal] step=request_received method=GET uri=/favicon.ico remoteAddress=0:0:0:0:0:0:0:1
[2026-07-05T22:12:05.630+07:00] WARN  [7a197695-b660-4657-9d8f-02e28e3b90bf] [SignatureValidationFilter.doFilterInternal] step=signature_validation_failed reason=missing_header
[2026-07-05T22:12:05.631+07:00] INFO  [7a197695-b660-4657-9d8f-02e28e3b90bf] [RequestLoggingFilter.doFilterInternal] step=request_completed status=200 durationMs=1
[2026-07-05T22:12:05.788+07:00] INFO  [187b3605-2150-415c-9779-1a8e8c13985d] [RequestLoggingFilter.doFilterInternal] step=request_received method=GET uri=/ remoteAddress=0:0:0:0:0:0:0:1
[2026-07-05T22:12:05.788+07:00] WARN  [187b3605-2150-415c-9779-1a8e8c13985d] [SignatureValidationFilter.doFilterInternal] step=signature_validation_failed reason=missing_header
[2026-07-05T22:12:05.790+07:00] INFO  [187b3605-2150-415c-9779-1a8e8c13985d] [RequestLoggingFilter.doFilterInternal] step=request_completed status=200 durationMs=2
[2026-07-05T22:12:05.802+07:00] INFO  [d57dc4b4-9a53-4758-b45b-b4df500a8277] [RequestLoggingFilter.doFilterInternal] step=request_received method=GET uri=/favicon.ico remoteAddress=0:0:0:0:0:0:0:1
[2026-07-05T22:12:05.802+07:00] WARN  [d57dc4b4-9a53-4758-b45b-b4df500a8277] [SignatureValidationFilter.doFilterInternal] step=signature_validation_failed reason=missing_header
[2026-07-05T22:12:05.803+07:00] INFO  [d57dc4b4-9a53-4758-b45b-b4df500a8277] [RequestLoggingFilter.doFilterInternal] step=request_completed status=200 durationMs=1
[2026-07-05T22:12:05.972+07:00] INFO  [95f93ad9-0fe3-4f02-986e-82e9ed86cb3d] [RequestLoggingFilter.doFilterInternal] step=request_received method=GET uri=/ remoteAddress=0:0:0:0:0:0:0:1
[2026-07-05T22:12:05.972+07:00] WARN  [95f93ad9-0fe3-4f02-986e-82e9ed86cb3d] [SignatureValidationFilter.doFilterInternal] step=signature_validation_failed reason=missing_header
[2026-07-05T22:12:05.973+07:00] INFO  [95f93ad9-0fe3-4f02-986e-82e9ed86cb3d] [RequestLoggingFilter.doFilterInternal] step=request_completed status=200 durationMs=1
[2026-07-05T22:12:05.985+07:00] INFO  [470755d4-1ea5-44f4-9e54-45f8634a967c] [RequestLoggingFilter.doFilterInternal] step=request_received method=GET uri=/favicon.ico remoteAddress=0:0:0:0:0:0:0:1
[2026-07-05T22:12:05.985+07:00] WARN  [470755d4-1ea5-44f4-9e54-45f8634a967c] [SignatureValidationFilter.doFilterInternal] step=signature_validation_failed reason=missing_header
[2026-07-05T22:12:05.987+07:00] INFO  [470755d4-1ea5-44f4-9e54-45f8634a967c] [RequestLoggingFilter.doFilterInternal] step=request_completed status=200 durationMs=2
[2026-07-05T22:12:06.138+07:00] INFO  [d0acf37d-2a0b-4989-9676-66c1bdd36600] [RequestLoggingFilter.doFilterInternal] step=request_received method=GET uri=/ remoteAddress=0:0:0:0:0:0:0:1
[2026-07-05T22:12:06.139+07:00] WARN  [d0acf37d-2a0b-4989-9676-66c1bdd36600] [SignatureValidationFilter.doFilterInternal] step=signature_validation_failed reason=missing_header
[2026-07-05T22:12:06.140+07:00] INFO  [d0acf37d-2a0b-4989-9676-66c1bdd36600] [RequestLoggingFilter.doFilterInternal] step=request_completed status=200 durationMs=2
[2026-07-05T22:12:06.153+07:00] INFO  [355ec67a-1718-413d-aad8-44d544ffa91b] [RequestLoggingFilter.doFilterInternal] step=request_received method=GET uri=/favicon.ico remoteAddress=0:0:0:0:0:0:0:1
[2026-07-05T22:12:06.153+07:00] WARN  [355ec67a-1718-413d-aad8-44d544ffa91b] [SignatureValidationFilter.doFilterInternal] step=signature_validation_failed reason=missing_header
[2026-07-05T22:12:06.154+07:00] INFO  [355ec67a-1718-413d-aad8-44d544ffa91b] [RequestLoggingFilter.doFilterInternal] step=request_completed status=200 durationMs=1
[2026-07-05T22:20:16.674+07:00] INFO  [N/A] [GracefulShutdown.shutDownGracefully] Commencing graceful shutdown. Waiting for active requests to complete
[2026-07-05T22:20:16.688+07:00] INFO  [N/A] [GracefulShutdown.doShutdown] Graceful shutdown complete
[2026-07-05T22:20:16.717+07:00] INFO  [N/A] [AbstractEntityManagerFactoryBean.destroy] Closing JPA EntityManagerFactory for persistence unit 'default'
[2026-07-05T22:20:16.721+07:00] INFO  [N/A] [HikariDataSource.close] EKYC_POOL - Shutdown initiated...
[2026-07-05T22:20:16.723+07:00] INFO  [N/A] [HikariDataSource.close] EKYC_POOL - Shutdown completed.
